# serializer version: 1
# name: test_climate[binary_sensor.altherma_domestichotwatertank_is_in_warning_state-state]
  <state binary_sensor.altherma_domestichotwatertank_is_in_warning_state=off; device_class=problem, icon=mdi:information-outline, friendly_name=Altherma DomesticHotWaterTank Is in warning state @ 2026-10-01T04:22:26.877129-07:00>
# ---
