# serializer version: 1
# name: test_mc80z[sensor.air_purifier_gateway_ratelimit_remaining_day-state]
  <state sensor.air_purifier_gateway_ratelimit_remaining_day=0; state_class=measurement, icon=mdi:information-outline, friendly_name=air-purifier Gateway Ratelimit remaining day @ 2026-10-01T04:25:25.873641-07:00>
# ---
