# serializer version: 1
# name: test_altherma_ratelimit[binary_sensor.johnny_maaike_climatecontrol_is_in_caution_state-state]
  <state binary_sensor.johnny_maaike_climatecontrol_is_in_caution_state=off; device_class=problem, icon=mdi:information-outline, friendly_name=Johnny&Maaike ClimateControl Is in caution state @ 2026-10-01T04:25:25.318767-07:00>
# ---
