# serializer version: 1
# name: test_altherma_firmwareupdate[binary_sensor.climate_control_getr422_climatecontrol_is_in_installer_state-state]
  <state binary_sensor.climate_control_getr422_climatecontrol_is_in_installer_state=on; icon=mdi:information-outline, friendly_name=Climate control getr422 ClimateControl Is in installer state @ 2026-10-01T04:25:26.997128-07:00>
# ---
