# serializer version: 1
# name: test_button[sensor.lounge_gateway_ratelimit_remaining_day-state]
  <state sensor.lounge_gateway_ratelimit_remaining_day=0; state_class=measurement, icon=mdi:information-outline, friendly_name=Lounge Gateway Ratelimit remaining day @ 2026-10-01T04:22:27.309293-07:00>
# ---
