# serializer version: 1
# name: test_mc80z[sensor.air_purifier_climatecontrol_pm10_concentration-state]
  <state sensor.air_purifier_climatecontrol_pm10_concentration=2; state_class=measurement, unit_of_measurement=μg/m³, device_class=pm10, icon=mdi:blur, friendly_name=air-purifier ClimateControl PM10 concentration @ 2026-10-01T04:22:26.502821-07:00>
# ---
