# serializer version: 1
# name: test_fanmode[sensor.sala_gateway_ratelimit_remaining_day-state]
  <state sensor.sala_gateway_ratelimit_remaining_day=0; state_class=measurement, icon=mdi:information-outline, friendly_name=Sala Gateway Ratelimit remaining day @ 2026-10-01T04:25:24.478709-07:00>
# ---
