# serializer version: 1
# name: test_climate[binary_sensor.sanne_climatecontrol_is_powerful_mode_active-state]
  <state binary_sensor.sanne_climatecontrol_is_powerful_mode_active=off; icon=mdi:information-outline, friendly_name=Sanne ClimateControl Is powerful mode active @ 2026-10-01T04:22:26.886550-07:00>
# ---
