# serializer version: 1
# name: test_gas[sensor.my_living_room_climatecontrol_heating_yearly_gas_consumption-state]
  <state sensor.my_living_room_climatecontrol_heating_yearly_gas_consumption=264; state_class=total_increasing, unit_of_measurement=kWh, device_class=energy, icon=mdi:fire, friendly_name=My Living Room ClimateControl Heating yearly gas consumption @ 2026-10-01T04:25:26.604754-07:00>
# ---
