# serializer version: 1
# name: test_climate_floorheatingairflow[binary_sensor.laurens_outdoorunit_is_in_error_state-state]
  <state binary_sensor.laurens_outdoorunit_is_in_error_state=off; device_class=problem, icon=mdi:information-outline, friendly_name=Laurens OutdoorUnit Is in error state @ 2026-10-01T04:25:25.760100-07:00>
# ---
