# serializer version: 1
# name: test_skyair[sensor.tretii_blok_spalnia_vtoroi_etazh_outdoorunit_current_thermal_output-state]
  <state sensor.tretii_blok_spalnia_vtoroi_etazh_outdoorunit_current_thermal_output=0; state_class=measurement, unit_of_measurement=W, device_class=power, icon=mdi:fire, friendly_name=третий блок/Спальня второй этаж OutdoorUnit Current thermal output @ 2026-10-01T04:25:27.195650-07:00>
# ---
