# serializer version: 1
# name: test_altherma_ratelimit[sensor.sanne_gateway_wifi_connection_strength-state]
  <state sensor.sanne_gateway_wifi_connection_strength=-35; state_class=measurement, unit_of_measurement=dBm, device_class=signal_strength, icon=mdi:wifi, friendly_name=Sanne Gateway WiFi connection strength @ 2026-10-01T04:25:25.291773-07:00>
# ---
