# serializer version: 1
# name: test_skyair[sensor.gostinaia_woonkamer_gateway_wifi_connection_ssid-state]
  <state sensor.gostinaia_woonkamer_gateway_wifi_connection_ssid=**REDACTED**; icon=mdi:access-point-network, friendly_name=Гостиная / Woonkamer Gateway WiFi connection SSID @ 2026-10-01T04:22:27.782452-07:00>
# ---
