# serializer version: 1
# name: test_dry[binary_sensor.lounge_gateway_is_firmware_update_supported-state]
  <state binary_sensor.lounge_gateway_is_firmware_update_supported=on; icon=mdi:information-outline, friendly_name=Lounge Gateway Is firmware update supported @ 2026-10-01T04:25:24.327589-07:00>
# ---
