# serializer version: 1
# name: test_altherma[sensor.altherma_climatecontrol_outdoor_temperature-state]
  <state sensor.altherma_climatecontrol_outdoor_temperature=17; state_class=measurement, unit_of_measurement=°C, device_class=temperature, icon=, friendly_name=Altherma ClimateControl Outdoor temperature @ 2026-10-01T04:25:24.890758-07:00>
# ---
