# serializer version: 1
# name: test_skyair[sensor.slaapkamer_andre_olha_outdoorunit_current_thermal_output-state]
  <state sensor.slaapkamer_andre_olha_outdoorunit_current_thermal_output=0; state_class=measurement, unit_of_measurement=W, device_class=power, icon=mdi:fire, friendly_name=Slaapkamer André / Olha OutdoorUnit Current thermal output @ 2026-10-01T04:25:27.189522-07:00>
# ---
