# serializer version: 1
# name: test_minimal_data[binary_sensor.altherma_gateway_is_firmware_update_supported-state]
  <state binary_sensor.altherma_gateway_is_firmware_update_supported=off; icon=mdi:information-outline, friendly_name=Altherma Gateway Is firmware update supported @ 2026-10-01T04:25:26.518914-07:00>
# ---
