# serializer version: 1
# name: test_offlinedevice[binary_sensor.studio_climatecontrol_is_powerful_mode_active-state]
  <state binary_sensor.studio_climatecontrol_is_powerful_mode_active=unavailable; icon=mdi:information-outline, friendly_name=Studio ClimateControl Is powerful mode active @ 2026-10-01T04:25:24.220994-07:00>
# ---
