# serializer version: 1
# name: test_climate[sensor.werkkamer_gateway_ratelimit_remaining_day-state]
  <state sensor.werkkamer_gateway_ratelimit_remaining_day=0; state_class=measurement, icon=mdi:information-outline, friendly_name=Werkkamer Gateway Ratelimit remaining day @ 2026-10-01T04:22:26.842353-07:00>
# ---
