# serializer version: 1
# name: test_dry2[binary_sensor.bedroom_2_climatecontrol_is_in_error_state-state]
  <state binary_sensor.bedroom_2_climatecontrol_is_in_error_state=off; device_class=problem, icon=mdi:information-outline, friendly_name=Bedroom 2 ClimateControl Is in error state @ 2026-10-01T04:25:24.595346-07:00>
# ---
