# serializer version: 1
# name: test_altherma3m[binary_sensor.altherma_climatecontrol_is_in_installer_state-state]
  <state binary_sensor.altherma_climatecontrol_is_in_installer_state=off; icon=mdi:information-outline, friendly_name=Altherma ClimateControl Is in installer state @ 2026-10-01T04:25:25.165450-07:00>
# ---
