# serializer version: 1
# name: test_climate[select.johnny_maaike_climatecontrol_schedule-state]
  <state select.johnny_maaike_climatecontrol_schedule=off; options=['0', '1', '2', 'off'], icon=mdi:calendar-clock, friendly_name=Johnny&Maaike ClimateControl Schedule @ 2026-10-01T04:22:26.871146-07:00>
# ---
