# serializer version: 1
# name: test_skyair[binary_sensor.tretii_blok_spalnia_vtoroi_etazh_climatecontrol_is_in_mode_conflict-state]
  <state binary_sensor.tretii_blok_spalnia_vtoroi_etazh_climatecontrol_is_in_mode_conflict=off; device_class=problem, icon=mdi:information-outline, friendly_name=третий блок/Спальня второй этаж ClimateControl Is in mode conflict @ 2026-10-01T04:25:27.208835-07:00>
# ---
