# serializer version: 1
# name: test_schedule[climate.master_room_temperature-state]
  <state climate.master_room_temperature=off; hvac_modes=[<HVACMode.OFF: 'off'>, <HVACMode.HEAT_COOL: 'heat_cool'>, <HVACMode.DRY: 'dry'>, <HVACMode.COOL: 'cool'>, <HVACMode.HEAT: 'heat'>, <HVACMode.FAN_ONLY: 'fan_only'>], min_temp=16, max_temp=32, target_temp_step=0.5, fan_modes=['auto', '1', '2', '3'], preset_modes=['away', 'none'], current_temperature=21, temperature=20, fan_mode=auto, preset_mode=none, friendly_name=Master Room Temperature, supported_features=409 @ 2026-10-01T04:25:24.735132-07:00>
# ---
