# serializer version: 1
# name: test_water_heater[altherma_boost]
  dict({
    'binary_sensor.altherma_climatecontrol_is_holiday_mode_active': dict({
      'entry': dict({
        'area_id': None,
        'categories': dict({
        }),
        'config_subentry_id': None,
        'created_at': 1790854698.861934,
        'device_id': 'fe4c3c4859346fcfdad0598e612bdbe4',
        'disabled_by': None,
        'entity_category': <EntityCategory.DIAGNOSTIC: 'diagnostic'>,
        'entity_id': 'binary_sensor.altherma_climatecontrol_is_holiday_mode_active',
        'has_entity_name': True,
        'hidden_by': None,
        'icon': None,
        'labels': list([
        ]),
        'modified_at': 1790854698.861961,
        'name': None,
        'options': ReadOnlyDict({
        }),
        'original_name': 'Is holiday mode active',
        'platform': 'daikin_onecta',
        'translation_key': 'isholidaymodeactive',
        'unique_id': '1ece521b-5401-4a42-acce-6f76fba246aa_climateControl_None_isHolidayModeActive',
      }),
      'state': dict({
        'attributes': ReadOnlyDict({
          <EntityStateAttribute.ICON: 'icon'>: 'mdi:information-outline',
        }),
        'entity_id': 'binary_sensor.altherma_climatecontrol_is_holiday_mode_active',
        'state': 'off',
      }),
    }),
    'binary_sensor.altherma_climatecontrol_is_in_emergency_state': dict({
      'entry': dict({
        'area_id': None,
        'categories': dict({
        }),
        'config_subentry_id': None,
        'created_at': 1790854698.862101,
        'device_id': 'fe4c3c4859346fcfdad0598e612bdbe4',
        'disabled_by': None,
        'entity_category': <EntityCategory.DIAGNOSTIC: 'diagnostic'>,
        'entity_id': 'binary_sensor.altherma_climatecontrol_is_in_emergency_state',
        'has_entity_name': True,
        'hidden_by': None,
        'icon': None,
        'labels': list([
        ]),
        'modified_at': 1790854698.862127,
        'name': None,
        'options': ReadOnlyDict({
        }),
        'original_name': 'Is in emergency state',
        'platform': 'daikin_onecta',
        'translation_key': 'isinemergencystate',
        'unique_id': '1ece521b-5401-4a42-acce-6f76fba246aa_climateControl_None_isInEmergencyState',
      }),
      'state': dict({
        'attributes': ReadOnlyDict({
          <EntityStateAttribute.DEVICE_CLASS: 'device_class'>: 'problem',
          <EntityStateAttribute.ICON: 'icon'>: 'mdi:information-outline',
        }),
        'entity_id': 'binary_sensor.altherma_climatecontrol_is_in_emergency_state',
        'state': 'off',
      }),
    }),
    'binary_sensor.altherma_climatecontrol_is_in_error_state': dict({
      'entry': dict({
        'area_id': None,
        'categories': dict({
        }),
        'config_subentry_id': None,
        'created_at': 1790854698.862262,
        'device_id': 'fe4c3c4859346fcfdad0598e612bdbe4',
        'disabled_by': None,
        'entity_category': <EntityCategory.DIAGNOSTIC: 'diagnostic'>,
        'entity_id': 'binary_sensor.altherma_climatecontrol_is_in_error_state',
        'has_entity_name': True,
        'hidden_by': None,
        'icon': None,
        'labels': list([
        ]),
        'modified_at': 1790854698.862287,
        'name': None,
        'options': ReadOnlyDict({
        }),
        'original_name': 'Is in error state',
        'platform': 'daikin_onecta',
        'translation_key': 'isinerrorstate',
        'unique_id': '1ece521b-5401-4a42-acce-6f76fba246aa_climateControl_None_isInErrorState',
      }),
      'state': dict({
        'attributes': ReadOnlyDict({
          <EntityStateAttribute.DEVICE_CLASS: 'device_class'>: 'problem',
          <EntityStateAttribute.ICON: 'icon'>: 'mdi:information-outline',
        }),
        'entity_id': 'binary_sensor.altherma_climatecontrol_is_in_error_state',
        'state': 'off',
      }),
    }),
    'binary_sensor.altherma_climatecontrol_is_in_installer_state': dict({
      'entry': dict({
        'area_id': None,
        'categories': dict({
        }),
        'config_subentry_id': None,
        'created_at': 1790854698.86242,
        'device_id': 'fe4c3c4859346fcfdad0598e612bdbe4',
        'disabled_by': None,
        'entity_category': <EntityCategory.DIAGNOSTIC: 'diagnostic'>,
        'entity_id': 'binary_sensor.altherma_climatecontrol_is_in_installer_state',
        'has_entity_name': True,
        'hidden_by': None,
        'icon': None,
        'labels': list([
        ]),
        'modified_at': 1790854698.862442,
        'name': None,
        'options': ReadOnlyDict({
        }),
        'original_name': 'Is in installer state',
        'platform': 'daikin_onecta',
        'translation_key': 'isininstallerstate',
        'unique_id': '1ece521b-5401-4a42-acce-6f76fba246aa_climateControl_None_isInInstallerState',
      }),
      'state': dict({
        'attributes': ReadOnlyDict({
          <EntityStateAttribute.ICON: 'icon'>: 'mdi:information-outline',
        }),
        'entity_id': 'binary_sensor.altherma_climatecontrol_is_in_installer_state',
        'state': 'off',
      }),
    }),
    'binary_sensor.altherma_climatecontrol_is_in_warning_state': dict({
      'entry': dict({
        'area_id': None,
        'categories': dict({
        }),
        'config_subentry_id': None,
        'created_at': 1790854698.863798,
        'device_id': 'fe4c3c4859346fcfdad0598e612bdbe4',
        'disabled_by': None,
        'entity_category': <EntityCategory.DIAGNOSTIC: 'diagnostic'>,
        'entity_id': 'binary_sensor.altherma_climatecontrol_is_in_warning_state',
        'has_entity_name': True,
        'hidden_by': None,
        'icon': None,
        'labels': list([
        ]),
        'modified_at': 1790854698.863829,
        'name': None,
        'options': ReadOnlyDict({
        }),
        'original_name': 'Is in warning state',
        'platform': 'daikin_onecta',
        'translation_key': 'isinwarningstate',
        'unique_id': '1ece521b-5401-4a42-acce-6f76fba246aa_climateControl_None_isInWarningState',
      }),
      'state': dict({
        'attributes': ReadOnlyDict({
          <EntityStateAttribute.DEVICE_CLASS: 'device_class'>: 'problem',
          <EntityStateAttribute.ICON: 'icon'>: 'mdi:information-outline',
        }),
        'entity_id': 'binary_sensor.altherma_climatecontrol_is_in_warning_state',
        'state': 'off',
      }),
    }),
    'binary_sensor.altherma_domestichotwatertank_is_holiday_mode_active': dict({
      'entry': dict({
        'area_id': None,
        'categories': dict({
        }),
        'config_subentry_id': None,
        'created_at': 1790854698.863986,
        'device_id': '7ae4316495a3ecfd6ffdfe7118c2b807',
        'disabled_by': None,
        'entity_category': <EntityCategory.DIAGNOSTIC: 'diagnostic'>,
        'entity_id': 'binary_sensor.altherma_domestichotwatertank_is_holiday_mode_active',
        'has_entity_name': True,
        'hidden_by': None,
        'icon': None,
        'labels': list([
        ]),
        'modified_at': 1790854698.864014,
        'name': None,
        'options': ReadOnlyDict({
        }),
        'original_name': 'Is holiday mode active',
        'platform': 'daikin_onecta',
        'translation_key': 'isholidaymodeactive',
        'unique_id': '1ece521b-5401-4a42-acce-6f76fba246aa_domesticHotWaterTank_None_isHolidayModeActive',
      }),
      'state': dict({
        'attributes': ReadOnlyDict({
          <EntityStateAttribute.ICON: 'icon'>: 'mdi:information-outline',
        }),
        'entity_id': 'binary_sensor.altherma_domestichotwatertank_is_holiday_mode_active',
        'state': 'off',
      }),
    }),
    'binary_sensor.altherma_domestichotwatertank_is_in_emergency_state': dict({
      'entry': dict({
        'area_id': None,
        'categories': dict({
        }),
        'config_subentry_id': None,
        'created_at': 1790854698.864155,
        'device_id': '7ae4316495a3ecfd6ffdfe7118c2b807',
        'disabled_by': None,
        'entity_category': <EntityCategory.DIAGNOSTIC: 'diagnostic'>,
        'entity_id': 'binary_sensor.altherma_domestichotwatertank_is_in_emergency_state',
        'has_entity_name': True,
        'hidden_by': None,
        'icon': None,
        'labels': list([
        ]),
        'modified_at': 1790854698.864181,
        'name': None,
        'options': ReadOnlyDict({
        }),
        'original_name': 'Is in emergency state',
        'platform': 'daikin_onecta',
        'translation_key': 'isinemergencystate',
        'unique_id': '1ece521b-5401-4a42-acce-6f76fba246aa_domesticHotWaterTank_None_isInEmergencyState',
      }),
      'state': dict({
        'attributes': ReadOnlyDict({
          <EntityStateAttribute.DEVICE_CLASS: 'device_class'>: 'problem',
          <EntityStateAttribute.ICON: 'icon'>: 'mdi:information-outline',
        }),
        'entity_id': 'binary_sensor.altherma_domestichotwatertank_is_in_emergency_state',
        'state': 'off',
      }),
    }),
    'binary_sensor.altherma_domestichotwatertank_is_in_error_state': dict({
      'entry': dict({
        'area_id': None,
        'categories': dict({
        }),
        'config_subentry_id': None,
        'created_at': 1790854698.864312,
        'device_id': '7ae4316495a3ecfd6ffdfe7118c2b807',
        'disabled_by': None,
        'entity_category': <EntityCategory.DIAGNOSTIC: 'diagnostic'>,
        'entity_id': 'binary_sensor.altherma_domestichotwatertank_is_in_error_state',
        'has_entity_name': True,
        'hidden_by': None,
        'icon': None,
        'labels': list([
        ]),
        'modified_at': 1790854698.864336,
        'name': None,
        'options': ReadOnlyDict({
        }),
        'original_name': 'Is in error state',
        'platform': 'daikin_onecta',
        'translation_key': 'isinerrorstate',
        'unique_id': '1ece521b-5401-4a42-acce-6f76fba246aa_domesticHotWaterTank_None_isInErrorState',
      }),
      'state': dict({
        'attributes': ReadOnlyDict({
          <EntityStateAttribute.DEVICE_CLASS: 'device_class'>: 'problem',
          <EntityStateAttribute.ICON: 'icon'>: 'mdi:information-outline',
        }),
        'entity_id': 'binary_sensor.altherma_domestichotwatertank_is_in_error_state',
        'state': 'off',
      }),
    }),
    'binary_sensor.altherma_domestichotwatertank_is_in_installer_state': dict({
      'entry': dict({
        'area_id': None,
        'categories': dict({
        }),
        'config_subentry_id': None,
        'created_at': 1790854698.86446,
        'device_id': '7ae4316495a3ecfd6ffdfe7118c2b807',
        'disabled_by': None,
        'entity_category': <EntityCategory.DIAGNOSTIC: 'diagnostic'>,
        'entity_id': 'binary_sensor.altherma_domestichotwatertank_is_in_installer_state',
        'has_entity_name': True,
        'hidden_by': None,
        'icon': None,
        'labels': list([
        ]),
        'modified_at': 1790854698.864484,
        'name': None,
        'options': ReadOnlyDict({
        }),
        'original_name': 'Is in installer state',
        'platform': 'daikin_onecta',
        'translation_key': 'isininstallerstate',
        'unique_id': '1ece521b-5401-4a42-acce-6f76fba246aa_domesticHotWaterTank_None_isInInstallerState',
      }),
      'state': dict({
        'attributes': ReadOnlyDict({
          <EntityStateAttribute.ICON: 'icon'>: 'mdi:information-outline',
        }),
        'entity_id': 'binary_sensor.altherma_domestichotwatertank_is_in_installer_state',
        'state': 'off',
      }),
    }),
    'binary_sensor.altherma_domestichotwatertank_is_in_warning_state': dict({
      'entry': dict({
        'area_id': None,
        'categories': dict({
        }),
        'config_subentry_id': None,
        'created_at': 1790854698.864613,
        'device_id': '7ae4316495a3ecfd6ffdfe7118c2b807',
        'disabled_by': None,
        'entity_category': <EntityCategory.DIAGNOSTIC: 'diagnostic'>,
        'entity_id': 'binary_sensor.altherma_domestichotwatertank_is_in_warning_state',
        'has_entity_name': True,
        'hidden_by': None,
        'icon': None,
        'labels': list([
        ]),
        'modified_at': 1790854698.864638,
        'name': None,
        'options': ReadOnlyDict({
        }),
        'original_name': 'Is in warning state',
        'platform': 'daikin_onecta',
        'translation_key': 'isinwarningstate',
        'unique_id': '1ece521b-5401-4a42-acce-6f76fba246aa_domesticHotWaterTank_None_isInWarningState',
      }),
      'state': dict({
        'attributes': ReadOnlyDict({
          <EntityStateAttribute.DEVICE_CLASS: 'device_class'>: 'problem',
          <EntityStateAttribute.ICON: 'icon'>: 'mdi:information-outline',
        }),
        'entity_id': 'binary_sensor.altherma_domestichotwatertank_is_in_warning_state',
        'state': 'off',
      }),
    }),
    'binary_sensor.altherma_domestichotwatertank_is_powerful_mode_active': dict({
      'entry': dict({
        'area_id': None,
        'categories': dict({
        }),
        'config_subentry_id': None,
        'created_at': 1790854698.864778,
        'device_id': '7ae4316495a3ecfd6ffdfe7118c2b807',
        'disabled_by': None,
        'entity_category': <EntityCategory.DIAGNOSTIC: 'diagnostic'>,
        'entity_id': 'binary_sensor.altherma_domestichotwatertank_is_powerful_mode_active',
        'has_entity_name': True,
        'hidden_by': None,
        'icon': None,
        'labels': list([
        ]),
        'modified_at': 1790854698.864805,
        'name': None,
        'options': ReadOnlyDict({
        }),
        'original_name': 'Is powerful mode active',
        'platform': 'daikin_onecta',
        'translation_key': 'ispowerfulmodeactive',
        'unique_id': '1ece521b-5401-4a42-acce-6f76fba246aa_domesticHotWaterTank_None_isPowerfulModeActive',
      }),
      'state': dict({
        'attributes': ReadOnlyDict({
          <EntityStateAttribute.ICON: 'icon'>: 'mdi:information-outline',
        }),
        'entity_id': 'binary_sensor.altherma_domestichotwatertank_is_powerful_mode_active',
        'state': 'on',
      }),
    }),
    'binary_sensor.altherma_gateway_is_firmware_update_supported': dict({
      'entry': dict({
        'area_id': None,
        'categories': dict({
        }),
        'config_subentry_id': None,
        'created_at': 1790854698.861743,
        'device_id': 'f98e4320dcee10e5a276cbabf0274bc6',
        'disabled_by': None,
        'entity_category': <EntityCategory.DIAGNOSTIC: 'diagnostic'>,
        'entity_id': 'binary_sensor.altherma_gateway_is_firmware_update_supported',
        'has_entity_name': True,
        'hidden_by': None,
        'icon': None,
        'labels': list([
        ]),
        'modified_at': 1790854698.861777,
        'name': None,
        'options': ReadOnlyDict({
        }),
        'original_name': 'Is firmware update supported',
        'platform': 'daikin_onecta',
        'translation_key': 'isfirmwareupdatesupported',
        'unique_id': '1ece521b-5401-4a42-acce-6f76fba246aa_gateway_None_isFirmwareUpdateSupported',
      }),
      'state': dict({
        'attributes': ReadOnlyDict({
          <EntityStateAttribute.ICON: 'icon'>: 'mdi:information-outline',
        }),
        'entity_id': 'binary_sensor.altherma_gateway_is_firmware_update_supported',
        'state': 'on',
      }),
    }),
    'button.altherma_refresh': dict({
      'entry': dict({
        'area_id': None,
        'categories': dict({
        }),
        'config_subentry_id': None,
        'created_at': 1790854698.871052,
        'device_id': 'f4e61bd5ebfce284f4a04209d7506502',
        'disabled_by': None,
        'entity_category': <EntityCategory.CONFIG: 'config'>,
        'entity_id': 'button.altherma_refresh',
        'has_entity_name': True,
        'hidden_by': None,
        'icon': None,
        'labels': list([
        ]),
        'modified_at': 1790854698.871084,
        'name': None,
        'options': ReadOnlyDict({
        }),
        'original_name': 'Refresh',
        'platform': 'daikin_onecta',
        'translation_key': None,
        'unique_id': '1ece521b-5401-4a42-acce-6f76fba246aa_refresh',
      }),
      'state': dict({
        'attributes': ReadOnlyDict({
          <EntityStateAttribute.ICON: 'icon'>: 'mdi:refresh',
        }),
        'entity_id': 'button.altherma_refresh',
        'state': 'unknown',
      }),
    }),
    'climate.altherma_leaving_water_offset': dict({
      'entry': dict({
        'area_id': None,
        'categories': dict({
        }),
        'config_subentry_id': None,
        'created_at': 1790854698.846315,
        'device_id': 'f4e61bd5ebfce284f4a04209d7506502',
        'disabled_by': None,
        'entity_category': None,
        'entity_id': 'climate.altherma_leaving_water_offset',
        'has_entity_name': True,
        'hidden_by': None,
        'icon': None,
        'labels': list([
        ]),
        'modified_at': 1790854698.84637,
        'name': None,
        'options': ReadOnlyDict({
        }),
        'original_name': 'Leaving Water Offset',
        'platform': 'daikin_onecta',
        'translation_key': 'leavingwateroffset',
        'unique_id': '1ece521b-5401-4a42-acce-6f76fba246aa_leavingWaterOffset',
      }),
      'state': dict({
        'attributes': ReadOnlyDict({
          <ClimateEntityStateAttribute.CURRENT_TEMPERATURE: 'current_temperature'>: 26,
          <ClimateEntityCapabilityAttribute.HVAC_MODES: 'hvac_modes'>: list([
            <HVACMode.OFF: 'off'>,
            <HVACMode.HEAT: 'heat'>,
            <HVACMode.COOL: 'cool'>,
            <HVACMode.HEAT_COOL: 'heat_cool'>,
          ]),
          <ClimateEntityCapabilityAttribute.MAX_TEMP: 'max_temp'>: 10,
          <ClimateEntityCapabilityAttribute.MIN_TEMP: 'min_temp'>: -10,
          <ClimateEntityStateAttribute.PRESET_MODE: 'preset_mode'>: 'none',
          <ClimateEntityCapabilityAttribute.PRESET_MODES: 'preset_modes'>: list([
            'away',
            'none',
          ]),
          <EntityStateAttribute.SUPPORTED_FEATURES: 'supported_features'>: <ClimateEntityFeature.TARGET_TEMPERATURE|PRESET_MODE|TURN_OFF|TURN_ON: 401>,
          <ClimateEntityCapabilityAttribute.TARGET_TEMP_STEP: 'target_temp_step'>: 1,
          <ClimateEntityStateAttribute.TARGET_TEMPERATURE: 'temperature'>: 0,
        }),
        'entity_id': 'climate.altherma_leaving_water_offset',
        'state': 'heat',
      }),
    }),
    'climate.altherma_leaving_water_temperature': dict({
      'entry': dict({
        'area_id': None,
        'categories': dict({
        }),
        'config_subentry_id': None,
        'created_at': 1790854698.847672,
        'device_id': 'f4e61bd5ebfce284f4a04209d7506502',
        'disabled_by': None,
        'entity_category': None,
        'entity_id': 'climate.altherma_leaving_water_temperature',
        'has_entity_name': True,
        'hidden_by': None,
        'icon': None,
        'labels': list([
        ]),
        'modified_at': 1790854698.847705,
        'name': None,
        'options': ReadOnlyDict({
        }),
        'original_name': 'Leaving Water Temperature',
        'platform': 'daikin_onecta',
        'translation_key': 'leavingwatertemperature',
        'unique_id': '1ece521b-5401-4a42-acce-6f76fba246aa_leavingWaterTemperature',
      }),
      'state': dict({
        'attributes': ReadOnlyDict({
          <ClimateEntityStateAttribute.CURRENT_TEMPERATURE: 'current_temperature'>: 26,
          <ClimateEntityCapabilityAttribute.HVAC_MODES: 'hvac_modes'>: list([
            <HVACMode.OFF: 'off'>,
            <HVACMode.HEAT: 'heat'>,
            <HVACMode.COOL: 'cool'>,
            <HVACMode.HEAT_COOL: 'heat_cool'>,
          ]),
          <ClimateEntityCapabilityAttribute.MAX_TEMP: 'max_temp'>: 35,
          <ClimateEntityCapabilityAttribute.MIN_TEMP: 'min_temp'>: 7,
          <ClimateEntityStateAttribute.PRESET_MODE: 'preset_mode'>: 'none',
          <ClimateEntityCapabilityAttribute.PRESET_MODES: 'preset_modes'>: list([
            'away',
            'none',
          ]),
          <EntityStateAttribute.SUPPORTED_FEATURES: 'supported_features'>: <ClimateEntityFeature.PRESET_MODE|TURN_OFF|TURN_ON: 400>,
        }),
        'entity_id': 'climate.altherma_leaving_water_temperature',
        'state': 'heat',
      }),
    }),
    'climate.altherma_room_temperature': dict({
      'entry': dict({
        'area_id': None,
        'categories': dict({
        }),
        'config_subentry_id': None,
        'created_at': 1790854698.847098,
        'device_id': 'f4e61bd5ebfce284f4a04209d7506502',
        'disabled_by': None,
        'entity_category': None,
        'entity_id': 'climate.altherma_room_temperature',
        'has_entity_name': True,
        'hidden_by': None,
        'icon': None,
        'labels': list([
        ]),
        'modified_at': 1790854698.847136,
        'name': None,
        'options': ReadOnlyDict({
        }),
        'original_name': 'Room Temperature',
        'platform': 'daikin_onecta',
        'translation_key': 'roomtemperature',
        'unique_id': '1ece521b-5401-4a42-acce-6f76fba246aa_roomTemperature',
      }),
      'state': dict({
        'attributes': ReadOnlyDict({
          <ClimateEntityStateAttribute.CURRENT_TEMPERATURE: 'current_temperature'>: 19.4,
          <ClimateEntityCapabilityAttribute.HVAC_MODES: 'hvac_modes'>: list([
            <HVACMode.OFF: 'off'>,
            <HVACMode.HEAT: 'heat'>,
            <HVACMode.COOL: 'cool'>,
            <HVACMode.HEAT_COOL: 'heat_cool'>,
          ]),
          <ClimateEntityCapabilityAttribute.MAX_TEMP: 'max_temp'>: 23,
          <ClimateEntityCapabilityAttribute.MIN_TEMP: 'min_temp'>: 18,
          <ClimateEntityStateAttribute.PRESET_MODE: 'preset_mode'>: 'none',
          <ClimateEntityCapabilityAttribute.PRESET_MODES: 'preset_modes'>: list([
            'away',
            'none',
          ]),
          <EntityStateAttribute.SUPPORTED_FEATURES: 'supported_features'>: <ClimateEntityFeature.TARGET_TEMPERATURE|PRESET_MODE|TURN_OFF|TURN_ON: 401>,
          <ClimateEntityCapabilityAttribute.TARGET_TEMP_STEP: 'target_temp_step'>: 0.5,
          <ClimateEntityStateAttribute.TARGET_TEMPERATURE: 'temperature'>: 19,
        }),
        'entity_id': 'climate.altherma_room_temperature',
        'state': 'heat',
      }),
    }),
    'select.altherma_climatecontrol_schedule': dict({
      'entry': dict({
        'area_id': None,
        'categories': dict({
        }),
        'config_subentry_id': None,
        'created_at': 1790854698.873535,
        'device_id': 'fe4c3c4859346fcfdad0598e612bdbe4',
        'disabled_by': None,
        'entity_category': None,
        'entity_id': 'select.altherma_climatecontrol_schedule',
        'has_entity_name': True,
        'hidden_by': None,
        'icon': None,
        'labels': list([
        ]),
        'modified_at': 1790854698.873566,
        'name': None,
        'options': ReadOnlyDict({
        }),
        'original_name': 'Schedule',
        'platform': 'daikin_onecta',
        'translation_key': 'schedule',
        'unique_id': '1ece521b-5401-4a42-acce-6f76fba246aa_climateControl_schedule',
      }),
      'state': dict({
        'attributes': ReadOnlyDict({
          <EntityStateAttribute.ICON: 'icon'>: 'mdi:calendar-clock',
          <SelectEntityCapabilityAttribute.OPTIONS: 'options'>: list([
            'User defined 1',
            'User defined 2',
            'User defined 3',
            'off',
          ]),
        }),
        'entity_id': 'select.altherma_climatecontrol_schedule',
        'state': 'off',
      }),
    }),
    'sensor.altherma_climatecontrol_control_mode': dict({
      'entry': dict({
        'area_id': None,
        'categories': dict({
        }),
        'config_subentry_id': None,
        'created_at': 1790854698.851448,
        'device_id': 'fe4c3c4859346fcfdad0598e612bdbe4',
        'disabled_by': None,
        'entity_category': None,
        'entity_id': 'sensor.altherma_climatecontrol_control_mode',
        'has_entity_name': True,
        'hidden_by': None,
        'icon': None,
        'labels': list([
        ]),
        'modified_at': 1790854698.851478,
        'name': None,
        'options': ReadOnlyDict({
        }),
        'original_name': 'Control mode',
        'platform': 'daikin_onecta',
        'translation_key': 'controlmode',
        'unique_id': '1ece521b-5401-4a42-acce-6f76fba246aa_climateControl_None_controlMode',
      }),
      'state': dict({
        'attributes': ReadOnlyDict({
          <EntityStateAttribute.ICON: 'icon'>: 'mdi:alphabetical',
        }),
        'entity_id': 'sensor.altherma_climatecontrol_control_mode',
        'state': 'roomTemperature',
      }),
    }),
    'sensor.altherma_climatecontrol_cooling_daily_electrical_consumption': dict({
      'entry': dict({
        'area_id': None,
        'categories': dict({
        }),
        'config_subentry_id': None,
        'created_at': 1790854698.855451,
        'device_id': 'fe4c3c4859346fcfdad0598e612bdbe4',
        'disabled_by': None,
        'entity_category': None,
        'entity_id': 'sensor.altherma_climatecontrol_cooling_daily_electrical_consumption',
        'has_entity_name': True,
        'hidden_by': None,
        'icon': None,
        'labels': list([
        ]),
        'modified_at': 1790854698.855567,
        'name': None,
        'options': ReadOnlyDict({
          'sensor': ReadOnlyDict({
            'suggested_display_precision': 2,
          }),
        }),
        'original_name': 'Cooling daily electrical consumption',
        'platform': 'daikin_onecta',
        'translation_key': 'coolingdailyelectricalconsumption',
        'unique_id': '1ece521b-5401-4a42-acce-6f76fba246aa_climateControl_electrical_cooling_d',
      }),
      'state': dict({
        'attributes': ReadOnlyDict({
          <EntityStateAttribute.DEVICE_CLASS: 'device_class'>: 'energy',
          <EntityStateAttribute.ICON: 'icon'>: 'mdi:snowflake',
          <SensorEntityCapabilityAttribute.STATE_CLASS: 'state_class'>: <SensorStateClass.TOTAL_INCREASING: 'total_increasing'>,
          <EntityStateAttribute.UNIT_OF_MEASUREMENT: 'unit_of_measurement'>: <UnitOfEnergy.KILO_WATT_HOUR: 'kWh'>,
        }),
        'entity_id': 'sensor.altherma_climatecontrol_cooling_daily_electrical_consumption',
        'state': '0',
      }),
    }),
    'sensor.altherma_climatecontrol_cooling_monthly_electrical_consumption': dict({
      'entry': dict({
        'area_id': None,
        'categories': dict({
        }),
        'config_subentry_id': None,
        'created_at': 1790854698.856356,
        'device_id': 'fe4c3c4859346fcfdad0598e612bdbe4',
        'disabled_by': None,
        'entity_category': None,
        'entity_id': 'sensor.altherma_climatecontrol_cooling_monthly_electrical_consumption',
        'has_entity_name': True,
        'hidden_by': None,
        'icon': None,
        'labels': list([
        ]),
        'modified_at': 1790854698.856474,
        'name': None,
        'options': ReadOnlyDict({
          'sensor': ReadOnlyDict({
            'suggested_display_precision': 2,
          }),
        }),
        'original_name': 'Cooling monthly electrical consumption',
        'platform': 'daikin_onecta',
        'translation_key': 'coolingmonthlyelectricalconsumption',
        'unique_id': '1ece521b-5401-4a42-acce-6f76fba246aa_climateControl_electrical_cooling_monthly',
      }),
      'state': dict({
        'attributes': ReadOnlyDict({
          <EntityStateAttribute.DEVICE_CLASS: 'device_class'>: 'energy',
          <EntityStateAttribute.ICON: 'icon'>: 'mdi:snowflake',
          <SensorEntityCapabilityAttribute.STATE_CLASS: 'state_class'>: <SensorStateClass.TOTAL_INCREASING: 'total_increasing'>,
          <EntityStateAttribute.UNIT_OF_MEASUREMENT: 'unit_of_measurement'>: <UnitOfEnergy.KILO_WATT_HOUR: 'kWh'>,
        }),
        'entity_id': 'sensor.altherma_climatecontrol_cooling_monthly_electrical_consumption',
        'state': '0',
      }),
    }),
    'sensor.altherma_climatecontrol_cooling_weekly_electrical_consumption': dict({
      'entry': dict({
        'area_id': None,
        'categories': dict({
        }),
        'config_subentry_id': None,
        'created_at': 1790854698.85591,
        'device_id': 'fe4c3c4859346fcfdad0598e612bdbe4',
        'disabled_by': None,
        'entity_category': None,
        'entity_id': 'sensor.altherma_climatecontrol_cooling_weekly_electrical_consumption',
        'has_entity_name': True,
        'hidden_by': None,
        'icon': None,
        'labels': list([
        ]),
        'modified_at': 1790854698.85602,
        'name': None,
        'options': ReadOnlyDict({
          'sensor': ReadOnlyDict({
            'suggested_display_precision': 2,
          }),
        }),
        'original_name': 'Cooling weekly electrical consumption',
        'platform': 'daikin_onecta',
        'translation_key': 'coolingweeklyelectricalconsumption',
        'unique_id': '1ece521b-5401-4a42-acce-6f76fba246aa_climateControl_electrical_cooling_w',
      }),
      'state': dict({
        'attributes': ReadOnlyDict({
          <EntityStateAttribute.DEVICE_CLASS: 'device_class'>: 'energy',
          <EntityStateAttribute.ICON: 'icon'>: 'mdi:snowflake',
          <SensorEntityCapabilityAttribute.STATE_CLASS: 'state_class'>: <SensorStateClass.TOTAL_INCREASING: 'total_increasing'>,
          <EntityStateAttribute.UNIT_OF_MEASUREMENT: 'unit_of_measurement'>: <UnitOfEnergy.KILO_WATT_HOUR: 'kWh'>,
        }),
        'entity_id': 'sensor.altherma_climatecontrol_cooling_weekly_electrical_consumption',
        'state': '0',
      }),
    }),
    'sensor.altherma_climatecontrol_cooling_yearly_electrical_consumption': dict({
      'entry': dict({
        'area_id': None,
        'categories': dict({
        }),
        'config_subentry_id': None,
        'created_at': 1790854698.85684,
        'device_id': 'fe4c3c4859346fcfdad0598e612bdbe4',
        'disabled_by': None,
        'entity_category': None,
        'entity_id': 'sensor.altherma_climatecontrol_cooling_yearly_electrical_consumption',
        'has_entity_name': True,
        'hidden_by': None,
        'icon': None,
        'labels': list([
        ]),
        'modified_at': 1790854698.856949,
        'name': None,
        'options': ReadOnlyDict({
          'sensor': ReadOnlyDict({
            'suggested_display_precision': 2,
          }),
        }),
        'original_name': 'Cooling yearly electrical consumption',
        'platform': 'daikin_onecta',
        'translation_key': 'coolingyearlyelectricalconsumption',
        'unique_id': '1ece521b-5401-4a42-acce-6f76fba246aa_climateControl_electrical_cooling_m',
      }),
      'state': dict({
        'attributes': ReadOnlyDict({
          <EntityStateAttribute.DEVICE_CLASS: 'device_class'>: 'energy',
          <EntityStateAttribute.ICON: 'icon'>: 'mdi:snowflake',
          <SensorEntityCapabilityAttribute.STATE_CLASS: 'state_class'>: <SensorStateClass.TOTAL_INCREASING: 'total_increasing'>,
          <EntityStateAttribute.UNIT_OF_MEASUREMENT: 'unit_of_measurement'>: <UnitOfEnergy.KILO_WATT_HOUR: 'kWh'>,
        }),
        'entity_id': 'sensor.altherma_climatecontrol_cooling_yearly_electrical_consumption',
        'state': '0',
      }),
    }),
    'sensor.altherma_climatecontrol_error_code': dict({
      'entry': dict({
        'area_id': None,
        'categories': dict({
        }),
        'config_subentry_id': None,
        'created_at': 1790854698.851643,
        'device_id': 'fe4c3c4859346fcfdad0598e612bdbe4',
        'disabled_by': None,
        'entity_category': <EntityCategory.DIAGNOSTIC: 'diagnostic'>,
        'entity_id': 'sensor.altherma_climatecontrol_error_code',
        'has_entity_name': True,
        'hidden_by': None,
        'icon': None,
        'labels': list([
        ]),
        'modified_at': 1790854698.85167,
        'name': None,
        'options': ReadOnlyDict({
        }),
        'original_name': 'Error code',
        'platform': 'daikin_onecta',
        'translation_key': 'errorcode',
        'unique_id': '1ece521b-5401-4a42-acce-6f76fba246aa_climateControl_None_errorCode',
      }),
      'state': dict({
        'attributes': ReadOnlyDict({
          <EntityStateAttribute.ICON: 'icon'>: 'mdi:information-outline',
        }),
        'entity_id': 'sensor.altherma_climatecontrol_error_code',
        'state': '',
      }),
    }),
    'sensor.altherma_climatecontrol_heating_daily_electrical_consumption': dict({
      'entry': dict({
        'area_id': None,
        'categories': dict({
        }),
        'config_subentry_id': None,
        'created_at': 1790854698.853513,
        'device_id': 'fe4c3c4859346fcfdad0598e612bdbe4',
        'disabled_by': None,
        'entity_category': None,
        'entity_id': 'sensor.altherma_climatecontrol_heating_daily_electrical_consumption',
        'has_entity_name': True,
        'hidden_by': None,
        'icon': None,
        'labels': list([
        ]),
        'modified_at': 1790854698.853645,
        'name': None,
        'options': ReadOnlyDict({
          'sensor': ReadOnlyDict({
            'suggested_display_precision': 2,
          }),
        }),
        'original_name': 'Heating daily electrical consumption',
        'platform': 'daikin_onecta',
        'translation_key': 'heatingdailyelectricalconsumption',
        'unique_id': '1ece521b-5401-4a42-acce-6f76fba246aa_climateControl_electrical_heating_d',
      }),
      'state': dict({
        'attributes': ReadOnlyDict({
          <EntityStateAttribute.DEVICE_CLASS: 'device_class'>: 'energy',
          <EntityStateAttribute.ICON: 'icon'>: 'mdi:fire',
          <SensorEntityCapabilityAttribute.STATE_CLASS: 'state_class'>: <SensorStateClass.TOTAL_INCREASING: 'total_increasing'>,
          <EntityStateAttribute.UNIT_OF_MEASUREMENT: 'unit_of_measurement'>: <UnitOfEnergy.KILO_WATT_HOUR: 'kWh'>,
        }),
        'entity_id': 'sensor.altherma_climatecontrol_heating_daily_electrical_consumption',
        'state': '5',
      }),
    }),
    'sensor.altherma_climatecontrol_heating_monthly_electrical_consumption': dict({
      'entry': dict({
        'area_id': None,
        'categories': dict({
        }),
        'config_subentry_id': None,
        'created_at': 1790854698.854498,
        'device_id': 'fe4c3c4859346fcfdad0598e612bdbe4',
        'disabled_by': None,
        'entity_category': None,
        'entity_id': 'sensor.altherma_climatecontrol_heating_monthly_electrical_consumption',
        'has_entity_name': True,
        'hidden_by': None,
        'icon': None,
        'labels': list([
        ]),
        'modified_at': 1790854698.85462,
        'name': None,
        'options': ReadOnlyDict({
          'sensor': ReadOnlyDict({
            'suggested_display_precision': 2,
          }),
        }),
        'original_name': 'Heating monthly electrical consumption',
        'platform': 'daikin_onecta',
        'translation_key': 'heatingmonthlyelectricalconsumption',
        'unique_id': '1ece521b-5401-4a42-acce-6f76fba246aa_climateControl_electrical_heating_monthly',
      }),
      'state': dict({
        'attributes': ReadOnlyDict({
          <EntityStateAttribute.DEVICE_CLASS: 'device_class'>: 'energy',
          <EntityStateAttribute.ICON: 'icon'>: 'mdi:fire',
          <SensorEntityCapabilityAttribute.STATE_CLASS: 'state_class'>: <SensorStateClass.TOTAL_INCREASING: 'total_increasing'>,
          <EntityStateAttribute.UNIT_OF_MEASUREMENT: 'unit_of_measurement'>: <UnitOfEnergy.KILO_WATT_HOUR: 'kWh'>,
        }),
        'entity_id': 'sensor.altherma_climatecontrol_heating_monthly_electrical_consumption',
        'state': '0',
      }),
    }),
    'sensor.altherma_climatecontrol_heating_weekly_electrical_consumption': dict({
      'entry': dict({
        'area_id': None,
        'categories': dict({
        }),
        'config_subentry_id': None,
        'created_at': 1790854698.854022,
        'device_id': 'fe4c3c4859346fcfdad0598e612bdbe4',
        'disabled_by': None,
        'entity_category': None,
        'entity_id': 'sensor.altherma_climatecontrol_heating_weekly_electrical_consumption',
        'has_entity_name': True,
        'hidden_by': None,
        'icon': None,
        'labels': list([
        ]),
        'modified_at': 1790854698.854145,
        'name': None,
        'options': ReadOnlyDict({
          'sensor': ReadOnlyDict({
            'suggested_display_precision': 2,
          }),
        }),
        'original_name': 'Heating weekly electrical consumption',
        'platform': 'daikin_onecta',
        'translation_key': 'heatingweeklyelectricalconsumption',
        'unique_id': '1ece521b-5401-4a42-acce-6f76fba246aa_climateControl_electrical_heating_w',
      }),
      'state': dict({
        'attributes': ReadOnlyDict({
          <EntityStateAttribute.DEVICE_CLASS: 'device_class'>: 'energy',
          <EntityStateAttribute.ICON: 'icon'>: 'mdi:fire',
          <SensorEntityCapabilityAttribute.STATE_CLASS: 'state_class'>: <SensorStateClass.TOTAL_INCREASING: 'total_increasing'>,
          <EntityStateAttribute.UNIT_OF_MEASUREMENT: 'unit_of_measurement'>: <UnitOfEnergy.KILO_WATT_HOUR: 'kWh'>,
        }),
        'entity_id': 'sensor.altherma_climatecontrol_heating_weekly_electrical_consumption',
        'state': '7',
      }),
    }),
    'sensor.altherma_climatecontrol_heating_yearly_electrical_consumption': dict({
      'entry': dict({
        'area_id': None,
        'categories': dict({
        }),
        'config_subentry_id': None,
        'created_at': 1790854698.854983,
        'device_id': 'fe4c3c4859346fcfdad0598e612bdbe4',
        'disabled_by': None,
        'entity_category': None,
        'entity_id': 'sensor.altherma_climatecontrol_heating_yearly_electrical_consumption',
        'has_entity_name': True,
        'hidden_by': None,
        'icon': None,
        'labels': list([
        ]),
        'modified_at': 1790854698.855102,
        'name': None,
        'options': ReadOnlyDict({
          'sensor': ReadOnlyDict({
            'suggested_display_precision': 2,
          }),
        }),
        'original_name': 'Heating yearly electrical consumption',
        'platform': 'daikin_onecta',
        'translation_key': 'heatingyearlyelectricalconsumption',
        'unique_id': '1ece521b-5401-4a42-acce-6f76fba246aa_climateControl_electrical_heating_m',
      }),
      'state': dict({
        'attributes': ReadOnlyDict({
          <EntityStateAttribute.DEVICE_CLASS: 'device_class'>: 'energy',
          <EntityStateAttribute.ICON: 'icon'>: 'mdi:fire',
          <SensorEntityCapabilityAttribute.STATE_CLASS: 'state_class'>: <SensorStateClass.TOTAL_INCREASING: 'total_increasing'>,
          <EntityStateAttribute.UNIT_OF_MEASUREMENT: 'unit_of_measurement'>: <UnitOfEnergy.KILO_WATT_HOUR: 'kWh'>,
        }),
        'entity_id': 'sensor.altherma_climatecontrol_heating_yearly_electrical_consumption',
        'state': '1035',
      }),
    }),
    'sensor.altherma_climatecontrol_leaving_water_temperature': dict({
      'entry': dict({
        'area_id': None,
        'categories': dict({
        }),
        'config_subentry_id': None,
        'created_at': 1790854698.852029,
        'device_id': 'fe4c3c4859346fcfdad0598e612bdbe4',
        'disabled_by': None,
        'entity_category': None,
        'entity_id': 'sensor.altherma_climatecontrol_leaving_water_temperature',
        'has_entity_name': True,
        'hidden_by': None,
        'icon': None,
        'labels': list([
        ]),
        'modified_at': 1790854698.852144,
        'name': None,
        'options': ReadOnlyDict({
          'sensor': ReadOnlyDict({
            'suggested_display_precision': 1,
          }),
        }),
        'original_name': 'Leaving water temperature',
        'platform': 'daikin_onecta',
        'translation_key': 'leavingwatertemperature',
        'unique_id': '1ece521b-5401-4a42-acce-6f76fba246aa_climateControl_sensoryData_leavingWaterTemperature',
      }),
      'state': dict({
        'attributes': ReadOnlyDict({
          <EntityStateAttribute.DEVICE_CLASS: 'device_class'>: 'temperature',
          <EntityStateAttribute.ICON: 'icon'>: '',
          <SensorEntityCapabilityAttribute.STATE_CLASS: 'state_class'>: <SensorStateClass.MEASUREMENT: 'measurement'>,
          <EntityStateAttribute.UNIT_OF_MEASUREMENT: 'unit_of_measurement'>: <UnitOfTemperature.CELSIUS: '°C'>,
        }),
        'entity_id': 'sensor.altherma_climatecontrol_leaving_water_temperature',
        'state': '26',
      }),
    }),
    'sensor.altherma_climatecontrol_outdoor_temperature': dict({
      'entry': dict({
        'area_id': None,
        'categories': dict({
        }),
        'config_subentry_id': None,
        'created_at': 1790854698.852529,
        'device_id': 'fe4c3c4859346fcfdad0598e612bdbe4',
        'disabled_by': None,
        'entity_category': None,
        'entity_id': 'sensor.altherma_climatecontrol_outdoor_temperature',
        'has_entity_name': True,
        'hidden_by': None,
        'icon': None,
        'labels': list([
        ]),
        'modified_at': 1790854698.852645,
        'name': None,
        'options': ReadOnlyDict({
          'sensor': ReadOnlyDict({
            'suggested_display_precision': 1,
          }),
        }),
        'original_name': 'Outdoor temperature',
        'platform': 'daikin_onecta',
        'translation_key': 'outdoortemperature',
        'unique_id': '1ece521b-5401-4a42-acce-6f76fba246aa_climateControl_sensoryData_outdoorTemperature',
      }),
      'state': dict({
        'attributes': ReadOnlyDict({
          <EntityStateAttribute.DEVICE_CLASS: 'device_class'>: 'temperature',
          <EntityStateAttribute.ICON: 'icon'>: '',
          <SensorEntityCapabilityAttribute.STATE_CLASS: 'state_class'>: <SensorStateClass.MEASUREMENT: 'measurement'>,
          <EntityStateAttribute.UNIT_OF_MEASUREMENT: 'unit_of_measurement'>: <UnitOfTemperature.CELSIUS: '°C'>,
        }),
        'entity_id': 'sensor.altherma_climatecontrol_outdoor_temperature',
        'state': '10',
      }),
    }),
    'sensor.altherma_climatecontrol_room_temperature': dict({
      'entry': dict({
        'area_id': None,
        'categories': dict({
        }),
        'config_subentry_id': None,
        'created_at': 1790854698.853026,
        'device_id': 'fe4c3c4859346fcfdad0598e612bdbe4',
        'disabled_by': None,
        'entity_category': None,
        'entity_id': 'sensor.altherma_climatecontrol_room_temperature',
        'has_entity_name': True,
        'hidden_by': None,
        'icon': None,
        'labels': list([
        ]),
        'modified_at': 1790854698.853151,
        'name': None,
        'options': ReadOnlyDict({
          'sensor': ReadOnlyDict({
            'suggested_display_precision': 1,
          }),
        }),
        'original_name': 'Room temperature',
        'platform': 'daikin_onecta',
        'translation_key': 'roomtemperature',
        'unique_id': '1ece521b-5401-4a42-acce-6f76fba246aa_climateControl_sensoryData_roomTemperature',
      }),
      'state': dict({
        'attributes': ReadOnlyDict({
          <EntityStateAttribute.DEVICE_CLASS: 'device_class'>: 'temperature',
          <EntityStateAttribute.ICON: 'icon'>: '',
          <SensorEntityCapabilityAttribute.STATE_CLASS: 'state_class'>: <SensorStateClass.MEASUREMENT: 'measurement'>,
          <EntityStateAttribute.UNIT_OF_MEASUREMENT: 'unit_of_measurement'>: <UnitOfTemperature.CELSIUS: '°C'>,
        }),
        'entity_id': 'sensor.altherma_climatecontrol_room_temperature',
        'state': '19.4',
      }),
    }),
    'sensor.altherma_climatecontrol_setpoint_mode': dict({
      'entry': dict({
        'area_id': None,
        'categories': dict({
        }),
        'config_subentry_id': None,
        'created_at': 1790854698.851832,
        'device_id': 'fe4c3c4859346fcfdad0598e612bdbe4',
        'disabled_by': None,
        'entity_category': None,
        'entity_id': 'sensor.altherma_climatecontrol_setpoint_mode',
        'has_entity_name': True,
        'hidden_by': None,
        'icon': None,
        'labels': list([
        ]),
        'modified_at': 1790854698.851862,
        'name': None,
        'options': ReadOnlyDict({
        }),
        'original_name': 'Setpoint mode',
        'platform': 'daikin_onecta',
        'translation_key': 'setpointmode',
        'unique_id': '1ece521b-5401-4a42-acce-6f76fba246aa_climateControl_None_setpointMode',
      }),
      'state': dict({
        'attributes': ReadOnlyDict({
          <EntityStateAttribute.ICON: 'icon'>: 'mdi:alphabetical',
        }),
        'entity_id': 'sensor.altherma_climatecontrol_setpoint_mode',
        'state': 'weatherDependentHeatingFixedCooling',
      }),
    }),
    'sensor.altherma_domestichotwatertank_error_code': dict({
      'entry': dict({
        'area_id': None,
        'categories': dict({
        }),
        'config_subentry_id': None,
        'created_at': 1790854698.857338,
        'device_id': '7ae4316495a3ecfd6ffdfe7118c2b807',
        'disabled_by': None,
        'entity_category': <EntityCategory.DIAGNOSTIC: 'diagnostic'>,
        'entity_id': 'sensor.altherma_domestichotwatertank_error_code',
        'has_entity_name': True,
        'hidden_by': None,
        'icon': None,
        'labels': list([
        ]),
        'modified_at': 1790854698.857365,
        'name': None,
        'options': ReadOnlyDict({
        }),
        'original_name': 'Error code',
        'platform': 'daikin_onecta',
        'translation_key': 'errorcode',
        'unique_id': '1ece521b-5401-4a42-acce-6f76fba246aa_domesticHotWaterTank_None_errorCode',
      }),
      'state': dict({
        'attributes': ReadOnlyDict({
          <EntityStateAttribute.ICON: 'icon'>: 'mdi:information-outline',
        }),
        'entity_id': 'sensor.altherma_domestichotwatertank_error_code',
        'state': '',
      }),
    }),
    'sensor.altherma_domestichotwatertank_heat_up_mode': dict({
      'entry': dict({
        'area_id': None,
        'categories': dict({
        }),
        'config_subentry_id': None,
        'created_at': 1790854698.857518,
        'device_id': '7ae4316495a3ecfd6ffdfe7118c2b807',
        'disabled_by': None,
        'entity_category': None,
        'entity_id': 'sensor.altherma_domestichotwatertank_heat_up_mode',
        'has_entity_name': True,
        'hidden_by': None,
        'icon': None,
        'labels': list([
        ]),
        'modified_at': 1790854698.857545,
        'name': None,
        'options': ReadOnlyDict({
        }),
        'original_name': 'Heat up mode',
        'platform': 'daikin_onecta',
        'translation_key': 'heatupmode',
        'unique_id': '1ece521b-5401-4a42-acce-6f76fba246aa_domesticHotWaterTank_None_heatupMode',
      }),
      'state': dict({
        'attributes': ReadOnlyDict({
          <EntityStateAttribute.ICON: 'icon'>: 'mdi:alphabetical',
        }),
        'entity_id': 'sensor.altherma_domestichotwatertank_heat_up_mode',
        'state': 'reheatOnly',
      }),
    }),
    'sensor.altherma_domestichotwatertank_heating_daily_electrical_consumption': dict({
      'entry': dict({
        'area_id': None,
        'categories': dict({
        }),
        'config_subentry_id': None,
        'created_at': 1790854698.858329,
        'device_id': '7ae4316495a3ecfd6ffdfe7118c2b807',
        'disabled_by': None,
        'entity_category': None,
        'entity_id': 'sensor.altherma_domestichotwatertank_heating_daily_electrical_consumption',
        'has_entity_name': True,
        'hidden_by': None,
        'icon': None,
        'labels': list([
        ]),
        'modified_at': 1790854698.858437,
        'name': None,
        'options': ReadOnlyDict({
          'sensor': ReadOnlyDict({
            'suggested_display_precision': 2,
          }),
        }),
        'original_name': 'Heating daily electrical consumption',
        'platform': 'daikin_onecta',
        'translation_key': 'heatingdailyelectricalconsumption',
        'unique_id': '1ece521b-5401-4a42-acce-6f76fba246aa_domesticHotWaterTank_electrical_heating_d',
      }),
      'state': dict({
        'attributes': ReadOnlyDict({
          <EntityStateAttribute.DEVICE_CLASS: 'device_class'>: 'energy',
          <EntityStateAttribute.ICON: 'icon'>: 'mdi:fire',
          <SensorEntityCapabilityAttribute.STATE_CLASS: 'state_class'>: <SensorStateClass.TOTAL_INCREASING: 'total_increasing'>,
          <EntityStateAttribute.UNIT_OF_MEASUREMENT: 'unit_of_measurement'>: <UnitOfEnergy.KILO_WATT_HOUR: 'kWh'>,
        }),
        'entity_id': 'sensor.altherma_domestichotwatertank_heating_daily_electrical_consumption',
        'state': '0',
      }),
    }),
    'sensor.altherma_domestichotwatertank_heating_monthly_electrical_consumption': dict({
      'entry': dict({
        'area_id': None,
        'categories': dict({
        }),
        'config_subentry_id': None,
        'created_at': 1790854698.85925,
        'device_id': '7ae4316495a3ecfd6ffdfe7118c2b807',
        'disabled_by': None,
        'entity_category': None,
        'entity_id': 'sensor.altherma_domestichotwatertank_heating_monthly_electrical_consumption',
        'has_entity_name': True,
        'hidden_by': None,
        'icon': None,
        'labels': list([
        ]),
        'modified_at': 1790854698.859362,
        'name': None,
        'options': ReadOnlyDict({
          'sensor': ReadOnlyDict({
            'suggested_display_precision': 2,
          }),
        }),
        'original_name': 'Heating monthly electrical consumption',
        'platform': 'daikin_onecta',
        'translation_key': 'heatingmonthlyelectricalconsumption',
        'unique_id': '1ece521b-5401-4a42-acce-6f76fba246aa_domesticHotWaterTank_electrical_heating_monthly',
      }),
      'state': dict({
        'attributes': ReadOnlyDict({
          <EntityStateAttribute.DEVICE_CLASS: 'device_class'>: 'energy',
          <EntityStateAttribute.ICON: 'icon'>: 'mdi:fire',
          <SensorEntityCapabilityAttribute.STATE_CLASS: 'state_class'>: <SensorStateClass.TOTAL_INCREASING: 'total_increasing'>,
          <EntityStateAttribute.UNIT_OF_MEASUREMENT: 'unit_of_measurement'>: <UnitOfEnergy.KILO_WATT_HOUR: 'kWh'>,
        }),
        'entity_id': 'sensor.altherma_domestichotwatertank_heating_monthly_electrical_consumption',
        'state': '0',
      }),
    }),
    'sensor.altherma_domestichotwatertank_heating_weekly_electrical_consumption': dict({
      'entry': dict({
        'area_id': None,
        'categories': dict({
        }),
        'config_subentry_id': None,
        'created_at': 1790854698.858777,
        'device_id': '7ae4316495a3ecfd6ffdfe7118c2b807',
        'disabled_by': None,
        'entity_category': None,
        'entity_id': 'sensor.altherma_domestichotwatertank_heating_weekly_electrical_consumption',
        'has_entity_name': True,
        'hidden_by': None,
        'icon': None,
        'labels': list([
        ]),
        'modified_at': 1790854698.858922,
        'name': None,
        'options': ReadOnlyDict({
          'sensor': ReadOnlyDict({
            'suggested_display_precision': 2,
          }),
        }),
        'original_name': 'Heating weekly electrical consumption',
        'platform': 'daikin_onecta',
        'translation_key': 'heatingweeklyelectricalconsumption',
        'unique_id': '1ece521b-5401-4a42-acce-6f76fba246aa_domesticHotWaterTank_electrical_heating_w',
      }),
      'state': dict({
        'attributes': ReadOnlyDict({
          <EntityStateAttribute.DEVICE_CLASS: 'device_class'>: 'energy',
          <EntityStateAttribute.ICON: 'icon'>: 'mdi:fire',
          <SensorEntityCapabilityAttribute.STATE_CLASS: 'state_class'>: <SensorStateClass.TOTAL_INCREASING: 'total_increasing'>,
          <EntityStateAttribute.UNIT_OF_MEASUREMENT: 'unit_of_measurement'>: <UnitOfEnergy.KILO_WATT_HOUR: 'kWh'>,
        }),
        'entity_id': 'sensor.altherma_domestichotwatertank_heating_weekly_electrical_consumption',
        'state': '4',
      }),
    }),
    'sensor.altherma_domestichotwatertank_heating_yearly_electrical_consumption': dict({
      'entry': dict({
        'area_id': None,
        'categories': dict({
        }),
        'config_subentry_id': None,
        'created_at': 1790854698.85968,
        'device_id': '7ae4316495a3ecfd6ffdfe7118c2b807',
        'disabled_by': None,
        'entity_category': None,
        'entity_id': 'sensor.altherma_domestichotwatertank_heating_yearly_electrical_consumption',
        'has_entity_name': True,
        'hidden_by': None,
        'icon': None,
        'labels': list([
        ]),
        'modified_at': 1790854698.85978,
        'name': None,
        'options': ReadOnlyDict({
          'sensor': ReadOnlyDict({
            'suggested_display_precision': 2,
          }),
        }),
        'original_name': 'Heating yearly electrical consumption',
        'platform': 'daikin_onecta',
        'translation_key': 'heatingyearlyelectricalconsumption',
        'unique_id': '1ece521b-5401-4a42-acce-6f76fba246aa_domesticHotWaterTank_electrical_heating_m',
      }),
      'state': dict({
        'attributes': ReadOnlyDict({
          <EntityStateAttribute.DEVICE_CLASS: 'device_class'>: 'energy',
          <EntityStateAttribute.ICON: 'icon'>: 'mdi:fire',
          <SensorEntityCapabilityAttribute.STATE_CLASS: 'state_class'>: <SensorStateClass.TOTAL_INCREASING: 'total_increasing'>,
          <EntityStateAttribute.UNIT_OF_MEASUREMENT: 'unit_of_measurement'>: <UnitOfEnergy.KILO_WATT_HOUR: 'kWh'>,
        }),
        'entity_id': 'sensor.altherma_domestichotwatertank_heating_yearly_electrical_consumption',
        'state': '281',
      }),
    }),
    'sensor.altherma_domestichotwatertank_setpoint_mode': dict({
      'entry': dict({
        'area_id': None,
        'categories': dict({
        }),
        'config_subentry_id': None,
        'created_at': 1790854698.857692,
        'device_id': '7ae4316495a3ecfd6ffdfe7118c2b807',
        'disabled_by': None,
        'entity_category': None,
        'entity_id': 'sensor.altherma_domestichotwatertank_setpoint_mode',
        'has_entity_name': True,
        'hidden_by': None,
        'icon': None,
        'labels': list([
        ]),
        'modified_at': 1790854698.85772,
        'name': None,
        'options': ReadOnlyDict({
        }),
        'original_name': 'Setpoint mode',
        'platform': 'daikin_onecta',
        'translation_key': 'setpointmode',
        'unique_id': '1ece521b-5401-4a42-acce-6f76fba246aa_domesticHotWaterTank_None_setpointMode',
      }),
      'state': dict({
        'attributes': ReadOnlyDict({
          <EntityStateAttribute.ICON: 'icon'>: 'mdi:alphabetical',
        }),
        'entity_id': 'sensor.altherma_domestichotwatertank_setpoint_mode',
        'state': 'fixed',
      }),
    }),
    'sensor.altherma_domestichotwatertank_tank_temperature': dict({
      'entry': dict({
        'area_id': None,
        'categories': dict({
        }),
        'config_subentry_id': None,
        'created_at': 1790854698.857872,
        'device_id': '7ae4316495a3ecfd6ffdfe7118c2b807',
        'disabled_by': None,
        'entity_category': None,
        'entity_id': 'sensor.altherma_domestichotwatertank_tank_temperature',
        'has_entity_name': True,
        'hidden_by': None,
        'icon': None,
        'labels': list([
        ]),
        'modified_at': 1790854698.857971,
        'name': None,
        'options': ReadOnlyDict({
          'sensor': ReadOnlyDict({
            'suggested_display_precision': 1,
          }),
        }),
        'original_name': 'Tank temperature',
        'platform': 'daikin_onecta',
        'translation_key': 'tanktemperature',
        'unique_id': '1ece521b-5401-4a42-acce-6f76fba246aa_domesticHotWaterTank_sensoryData_tankTemperature',
      }),
      'state': dict({
        'attributes': ReadOnlyDict({
          <EntityStateAttribute.DEVICE_CLASS: 'device_class'>: 'temperature',
          <EntityStateAttribute.ICON: 'icon'>: 'mdi:bathtub-outline',
          <SensorEntityCapabilityAttribute.STATE_CLASS: 'state_class'>: <SensorStateClass.MEASUREMENT: 'measurement'>,
          <EntityStateAttribute.UNIT_OF_MEASUREMENT: 'unit_of_measurement'>: <UnitOfTemperature.CELSIUS: '°C'>,
        }),
        'entity_id': 'sensor.altherma_domestichotwatertank_tank_temperature',
        'state': '46',
      }),
    }),
    'sensor.altherma_gateway_ip_address': dict({
      'entry': dict({
        'area_id': None,
        'categories': dict({
        }),
        'config_subentry_id': None,
        'created_at': 1790854698.85119,
        'device_id': 'f98e4320dcee10e5a276cbabf0274bc6',
        'disabled_by': None,
        'entity_category': <EntityCategory.DIAGNOSTIC: 'diagnostic'>,
        'entity_id': 'sensor.altherma_gateway_ip_address',
        'has_entity_name': True,
        'hidden_by': None,
        'icon': None,
        'labels': list([
        ]),
        'modified_at': 1790854698.851222,
        'name': None,
        'options': ReadOnlyDict({
        }),
        'original_name': 'IP address',
        'platform': 'daikin_onecta',
        'translation_key': 'ipaddress',
        'unique_id': '1ece521b-5401-4a42-acce-6f76fba246aa_gateway_None_ipAddress',
      }),
      'state': dict({
        'attributes': ReadOnlyDict({
          <EntityStateAttribute.ICON: 'icon'>: 'mdi:ip-network',
        }),
        'entity_id': 'sensor.altherma_gateway_ip_address',
        'state': '192.168.1.207',
      }),
    }),
    'sensor.altherma_gateway_ratelimit_remaining_day': dict({
      'entry': dict({
        'area_id': None,
        'categories': dict({
        }),
        'config_subentry_id': None,
        'created_at': 1790854698.850928,
        'device_id': 'f98e4320dcee10e5a276cbabf0274bc6',
        'disabled_by': None,
        'entity_category': <EntityCategory.DIAGNOSTIC: 'diagnostic'>,
        'entity_id': 'sensor.altherma_gateway_ratelimit_remaining_day',
        'has_entity_name': True,
        'hidden_by': None,
        'icon': None,
        'labels': list([
        ]),
        'modified_at': 1790854698.850969,
        'name': None,
        'options': ReadOnlyDict({
        }),
        'original_name': 'Ratelimit remaining day',
        'platform': 'daikin_onecta',
        'translation_key': 'ratelimitremainingday',
        'unique_id': '1ece521b-5401-4a42-acce-6f76fba246aa_limitsensor_remaining_day',
      }),
      'state': dict({
        'attributes': ReadOnlyDict({
          <EntityStateAttribute.ICON: 'icon'>: 'mdi:information-outline',
          <SensorEntityCapabilityAttribute.STATE_CLASS: 'state_class'>: <SensorStateClass.MEASUREMENT: 'measurement'>,
        }),
        'entity_id': 'sensor.altherma_gateway_ratelimit_remaining_day',
        'state': '0',
      }),
    }),
    'update.altherma_gateway_firmware_update': dict({
      'entry': dict({
        'area_id': None,
        'categories': dict({
        }),
        'config_subentry_id': None,
        'created_at': 1790854698.875711,
        'device_id': 'f98e4320dcee10e5a276cbabf0274bc6',
        'disabled_by': None,
        'entity_category': <EntityCategory.DIAGNOSTIC: 'diagnostic'>,
        'entity_id': 'update.altherma_gateway_firmware_update',
        'has_entity_name': True,
        'hidden_by': None,
        'icon': None,
        'labels': list([
        ]),
        'modified_at': 1790854698.875742,
        'name': None,
        'options': ReadOnlyDict({
        }),
        'original_name': 'Firmware update',
        'platform': 'daikin_onecta',
        'translation_key': 'firmwareupdate',
        'unique_id': '1ece521b-5401-4a42-acce-6f76fba246aa_gateway_firmware_update',
      }),
      'state': dict({
        'attributes': ReadOnlyDict({
          <UpdateEntityStateAttribute.AUTO_UPDATE: 'auto_update'>: False,
          <EntityStateAttribute.DEVICE_CLASS: 'device_class'>: 'firmware',
          <UpdateEntityStateAttribute.DISPLAY_PRECISION: 'display_precision'>: 0,
          <EntityStateAttribute.ENTITY_PICTURE: 'entity_picture'>: '/api/brands/integration/daikin_onecta/icon.png',
          <EntityStateAttribute.ICON: 'icon'>: 'mdi:update',
          <UpdateEntityStateAttribute.IN_PROGRESS: 'in_progress'>: False,
          <UpdateEntityStateAttribute.INSTALLED_VERSION: 'installed_version'>: '3.2.5',
          <UpdateEntityStateAttribute.LATEST_VERSION: 'latest_version'>: '3.2.5',
          <UpdateEntityStateAttribute.RELEASE_SUMMARY: 'release_summary'>: None,
          <UpdateEntityStateAttribute.RELEASE_URL: 'release_url'>: None,
          <UpdateEntityStateAttribute.SKIPPED_VERSION: 'skipped_version'>: None,
          <EntityStateAttribute.SUPPORTED_FEATURES: 'supported_features'>: <UpdateEntityFeature.INSTALL: 1>,
          <UpdateEntityStateAttribute.TITLE: 'title'>: None,
          <UpdateEntityStateAttribute.UPDATE_PERCENTAGE: 'update_percentage'>: None,
        }),
        'entity_id': 'update.altherma_gateway_firmware_update',
        'state': 'off',
      }),
    }),
    'update.altherma_indoorunithydro_firmware_update': dict({
      'entry': dict({
        'area_id': None,
        'categories': dict({
        }),
        'config_subentry_id': None,
        'created_at': 1790854698.875975,
        'device_id': '40c0d415aedb8fcc2f3d66fc342dcdb4',
        'disabled_by': None,
        'entity_category': <EntityCategory.DIAGNOSTIC: 'diagnostic'>,
        'entity_id': 'update.altherma_indoorunithydro_firmware_update',
        'has_entity_name': True,
        'hidden_by': None,
        'icon': None,
        'labels': list([
        ]),
        'modified_at': 1790854698.876001,
        'name': None,
        'options': ReadOnlyDict({
        }),
        'original_name': 'Firmware update',
        'platform': 'daikin_onecta',
        'translation_key': 'firmwareupdate',
        'unique_id': '1ece521b-5401-4a42-acce-6f76fba246aa_indoorUnitHydro_firmware_update',
      }),
      'state': dict({
        'attributes': ReadOnlyDict({
          <UpdateEntityStateAttribute.AUTO_UPDATE: 'auto_update'>: False,
          <EntityStateAttribute.DEVICE_CLASS: 'device_class'>: 'firmware',
          <UpdateEntityStateAttribute.DISPLAY_PRECISION: 'display_precision'>: 0,
          <EntityStateAttribute.ENTITY_PICTURE: 'entity_picture'>: '/api/brands/integration/daikin_onecta/icon.png',
          <EntityStateAttribute.ICON: 'icon'>: 'mdi:update',
          <UpdateEntityStateAttribute.IN_PROGRESS: 'in_progress'>: False,
          <UpdateEntityStateAttribute.INSTALLED_VERSION: 'installed_version'>: '0223',
          <UpdateEntityStateAttribute.LATEST_VERSION: 'latest_version'>: '0223',
          <UpdateEntityStateAttribute.RELEASE_SUMMARY: 'release_summary'>: None,
          <UpdateEntityStateAttribute.RELEASE_URL: 'release_url'>: None,
          <UpdateEntityStateAttribute.SKIPPED_VERSION: 'skipped_version'>: None,
          <EntityStateAttribute.SUPPORTED_FEATURES: 'supported_features'>: <UpdateEntityFeature.INSTALL: 1>,
          <UpdateEntityStateAttribute.TITLE: 'title'>: None,
          <UpdateEntityStateAttribute.UPDATE_PERCENTAGE: 'update_percentage'>: None,
        }),
        'entity_id': 'update.altherma_indoorunithydro_firmware_update',
        'state': 'off',
      }),
    }),
    'update.altherma_outdoorunit_firmware_update': dict({
      'entry': dict({
        'area_id': None,
        'categories': dict({
        }),
        'config_subentry_id': None,
        'created_at': 1790854698.876189,
        'device_id': '8b16833bdbc49b68634d074c66005dda',
        'disabled_by': None,
        'entity_category': <EntityCategory.DIAGNOSTIC: 'diagnostic'>,
        'entity_id': 'update.altherma_outdoorunit_firmware_update',
        'has_entity_name': True,
        'hidden_by': None,
        'icon': None,
        'labels': list([
        ]),
        'modified_at': 1790854698.876213,
        'name': None,
        'options': ReadOnlyDict({
        }),
        'original_name': 'Firmware update',
        'platform': 'daikin_onecta',
        'translation_key': 'firmwareupdate',
        'unique_id': '1ece521b-5401-4a42-acce-6f76fba246aa_outdoorUnit_firmware_update',
      }),
      'state': dict({
        'attributes': ReadOnlyDict({
          <UpdateEntityStateAttribute.AUTO_UPDATE: 'auto_update'>: False,
          <EntityStateAttribute.DEVICE_CLASS: 'device_class'>: 'firmware',
          <UpdateEntityStateAttribute.DISPLAY_PRECISION: 'display_precision'>: 0,
          <EntityStateAttribute.ENTITY_PICTURE: 'entity_picture'>: '/api/brands/integration/daikin_onecta/icon.png',
          <EntityStateAttribute.ICON: 'icon'>: 'mdi:update',
          <UpdateEntityStateAttribute.IN_PROGRESS: 'in_progress'>: False,
          <UpdateEntityStateAttribute.INSTALLED_VERSION: 'installed_version'>: 'FFFF',
          <UpdateEntityStateAttribute.LATEST_VERSION: 'latest_version'>: 'FFFF',
          <UpdateEntityStateAttribute.RELEASE_SUMMARY: 'release_summary'>: None,
          <UpdateEntityStateAttribute.RELEASE_URL: 'release_url'>: None,
          <UpdateEntityStateAttribute.SKIPPED_VERSION: 'skipped_version'>: None,
          <EntityStateAttribute.SUPPORTED_FEATURES: 'supported_features'>: <UpdateEntityFeature.INSTALL: 1>,
          <UpdateEntityStateAttribute.TITLE: 'title'>: None,
          <UpdateEntityStateAttribute.UPDATE_PERCENTAGE: 'update_percentage'>: None,
        }),
        'entity_id': 'update.altherma_outdoorunit_firmware_update',
        'state': 'off',
      }),
    }),
    'update.altherma_userinterface_firmware_update': dict({
      'entry': dict({
        'area_id': None,
        'categories': dict({
        }),
        'config_subentry_id': None,
        'created_at': 1790854698.87639,
        'device_id': '620f62e869791fd92aafb110696b88b0',
        'disabled_by': None,
        'entity_category': <EntityCategory.DIAGNOSTIC: 'diagnostic'>,
        'entity_id': 'update.altherma_userinterface_firmware_update',
        'has_entity_name': True,
        'hidden_by': None,
        'icon': None,
        'labels': list([
        ]),
        'modified_at': 1790854698.876413,
        'name': None,
        'options': ReadOnlyDict({
        }),
        'original_name': 'Firmware update',
        'platform': 'daikin_onecta',
        'translation_key': 'firmwareupdate',
        'unique_id': '1ece521b-5401-4a42-acce-6f76fba246aa_userInterface_firmware_update',
      }),
      'state': dict({
        'attributes': ReadOnlyDict({
          <UpdateEntityStateAttribute.AUTO_UPDATE: 'auto_update'>: False,
          <EntityStateAttribute.DEVICE_CLASS: 'device_class'>: 'firmware',
          <UpdateEntityStateAttribute.DISPLAY_PRECISION: 'display_precision'>: 0,
          <EntityStateAttribute.ENTITY_PICTURE: 'entity_picture'>: '/api/brands/integration/daikin_onecta/icon.png',
          <EntityStateAttribute.ICON: 'icon'>: 'mdi:update',
          <UpdateEntityStateAttribute.IN_PROGRESS: 'in_progress'>: False,
          <UpdateEntityStateAttribute.INSTALLED_VERSION: 'installed_version'>: '7.3.0',
          <UpdateEntityStateAttribute.LATEST_VERSION: 'latest_version'>: '7.3.0',
          <UpdateEntityStateAttribute.RELEASE_SUMMARY: 'release_summary'>: None,
          <UpdateEntityStateAttribute.RELEASE_URL: 'release_url'>: None,
          <UpdateEntityStateAttribute.SKIPPED_VERSION: 'skipped_version'>: None,
          <EntityStateAttribute.SUPPORTED_FEATURES: 'supported_features'>: <UpdateEntityFeature.INSTALL: 1>,
          <UpdateEntityStateAttribute.TITLE: 'title'>: None,
          <UpdateEntityStateAttribute.UPDATE_PERCENTAGE: 'update_percentage'>: None,
        }),
        'entity_id': 'update.altherma_userinterface_firmware_update',
        'state': 'off',
      }),
    }),
    'water_heater.altherma': dict({
      'entry': dict({
        'area_id': None,
        'categories': dict({
        }),
        'config_subentry_id': None,
        'created_at': 1790854698.869002,
        'device_id': '7ae4316495a3ecfd6ffdfe7118c2b807',
        'disabled_by': None,
        'entity_category': None,
        'entity_id': 'water_heater.altherma',
        'has_entity_name': True,
        'hidden_by': None,
        'icon': None,
        'labels': list([
        ]),
        'modified_at': 1790854698.869032,
        'name': None,
        'options': ReadOnlyDict({
        }),
        'original_name': None,
        'platform': 'daikin_onecta',
        'translation_key': None,
        'unique_id': '1ece521b-5401-4a42-acce-6f76fba246aa',
      }),
      'state': dict({
        'attributes': ReadOnlyDict({
          <WaterHeaterStateAttribute.CURRENT_TEMPERATURE: 'current_temperature'>: 46.0,
          <WaterHeaterCapabilityAttribute.MAX_TEMP: 'max_temp'>: 53.0,
          <WaterHeaterCapabilityAttribute.MIN_TEMP: 'min_temp'>: 30.0,
          <WaterHeaterCapabilityAttribute.OPERATION_LIST: 'operation_list'>: list([
            'off',
            'heat_pump',
            'performance',
          ]),
          <WaterHeaterStateAttribute.OPERATION_MODE: 'operation_mode'>: 'performance',
          <EntityStateAttribute.SUPPORTED_FEATURES: 'supported_features'>: <WaterHeaterEntityFeature.TARGET_TEMPERATURE|OPERATION_MODE|ON_OFF: 11>,
          <WaterHeaterStateAttribute.TARGET_TEMP_HIGH: 'target_temp_high'>: None,
          <WaterHeaterStateAttribute.TARGET_TEMP_LOW: 'target_temp_low'>: None,
          'target_temp_step': 1.0,
          <WaterHeaterStateAttribute.TEMPERATURE: 'temperature'>: 48.0,
        }),
        'entity_id': 'water_heater.altherma',
        'state': 'performance',
      }),
    }),
  })
# ---
