# serializer version: 1
# name: test_altherma3m[binary_sensor.altherma_domestichotwatertank_is_in_error_state-state]
  <state binary_sensor.altherma_domestichotwatertank_is_in_error_state=off; device_class=problem, icon=mdi:information-outline, friendly_name=Altherma DomesticHotWaterTank Is in error state @ 2026-10-01T04:25:25.166335-07:00>
# ---
