# serializer version: 1
# name: test_climate[sensor.johnny_maaike_gateway_ratelimit_remaining_day-state]
  <state sensor.johnny_maaike_gateway_ratelimit_remaining_day=0; state_class=measurement, icon=mdi:information-outline, friendly_name=Johnny&Maaike Gateway Ratelimit remaining day @ 2026-10-01T04:25:26.221128-07:00>
# ---
