# serializer version: 1
# name: test_altherma[sensor.johnny_maaike_gateway_wifi_connection_ssid-state]
  <state sensor.johnny_maaike_gateway_wifi_connection_ssid=WILLEMSEN; icon=mdi:access-point-network, friendly_name=Johnny&Maaike Gateway WiFi connection SSID @ 2026-10-01T04:25:24.898580-07:00>
# ---
