# serializer version: 1
# name: test_mc80z[sensor.vloerverwarming_climatecontrol_outdoor_temperature-state]
  <state sensor.vloerverwarming_climatecontrol_outdoor_temperature=12; state_class=measurement, unit_of_measurement=°C, device_class=temperature, icon=, friendly_name=Vloerverwarming ClimateControl Outdoor temperature @ 2026-10-01T04:25:25.877522-07:00>
# ---
