# serializer version: 1
# name: test_water_heater[sensor.altherma_climatecontrol_outdoor_temperature-state]
  <state sensor.altherma_climatecontrol_outdoor_temperature=10; state_class=measurement, unit_of_measurement=°C, device_class=temperature, icon=, friendly_name=Altherma ClimateControl Outdoor temperature @ 2026-10-01T04:25:26.081444-07:00>
# ---
