# serializer version: 1
# name: test_gas[sensor.my_living_room_climatecontrol_outdoor_temperature-state]
  <state sensor.my_living_room_climatecontrol_outdoor_temperature=25; state_class=measurement, unit_of_measurement=°C, device_class=temperature, icon=, friendly_name=My Living Room ClimateControl Outdoor temperature @ 2026-10-01T04:25:26.599117-07:00>
# ---
