# serializer version: 1
# name: test_mc80z[sensor.vloerverwarming_domestichotwatertank_tank_temperature-state]
  <state sensor.vloerverwarming_domestichotwatertank_tank_temperature=41; state_class=measurement, unit_of_measurement=°C, device_class=temperature, icon=mdi:bathtub-outline, friendly_name=Vloerverwarming DomesticHotWaterTank Tank temperature @ 2026-10-01T04:22:26.509853-07:00>
# ---
