# serializer version: 1
# name: test_gas[sensor.my_living_room_climatecontrol_cooling_yearly_electrical_consumption-state]
  <state sensor.my_living_room_climatecontrol_cooling_yearly_electrical_consumption=264; state_class=total_increasing, unit_of_measurement=kWh, device_class=energy, icon=mdi:snowflake, friendly_name=My Living Room ClimateControl Cooling yearly electrical consumption @ 2026-10-01T04:22:27.211258-07:00>
# ---
