# serializer version: 1
# name: test_climate_floorheatingairflow[select.laurens_climatecontrol_schedule-state]
  <state select.laurens_climatecontrol_schedule=off; options=['0', '1', '2', 'off'], icon=mdi:calendar-clock, friendly_name=Laurens ClimateControl Schedule @ 2026-10-01T04:22:26.375338-07:00>
# ---
