# serializer version: 1
# name: test_button[binary_sensor.bedroom_2_gateway_is_firmware_update_supported-state]
  <state binary_sensor.bedroom_2_gateway_is_firmware_update_supported=on; icon=mdi:information-outline, friendly_name=Bedroom 2 Gateway Is firmware update supported @ 2026-10-01T04:25:26.726093-07:00>
# ---
