# serializer version: 1
# name: test_water_heater[binary_sensor.altherma_gateway_is_firmware_update_supported-state]
  <state binary_sensor.altherma_gateway_is_firmware_update_supported=on; icon=mdi:information-outline, friendly_name=Altherma Gateway Is firmware update supported @ 2026-10-01T04:22:26.719152-07:00>
# ---
