# serializer version: 1
# name: test_climate_floorheatingairflow[binary_sensor.laurens_climatecontrol_is_lock_function_enabled-state]
  <state binary_sensor.laurens_climatecontrol_is_lock_function_enabled=off; icon=mdi:information-outline, friendly_name=Laurens ClimateControl Is lock function enabled @ 2026-10-01T04:22:26.385628-07:00>
# ---
