# serializer version: 1
# name: test_climate_floorheatingairflow[sensor.laurens_gateway_wifi_connection_strength-state]
  <state sensor.laurens_gateway_wifi_connection_strength=-50; state_class=measurement, unit_of_measurement=dBm, device_class=signal_strength, icon=mdi:wifi, friendly_name=Laurens Gateway WiFi connection strength @ 2026-10-01T04:22:26.366171-07:00>
# ---
